node1:44707:44976 [0] NCCL INFO Connected to proxy localRank 3 -> connection 0x790f200012f0
node2:350319:350476 [2] NCCL INFO New proxy recv connection 2 from local rank 2, transport 2
node2:350319:350484 [2] NCCL INFO Connected to proxy localRank 2 -> connection 0x7c6c20001020
node2:350319:350476 [2] NCCL INFO NET/IB : GPU Direct RDMA (nvidia-peermem) enabled for HCA 0 'mlx5_0
node2:350319:350476 [2] NCCL INFO NET/IB : GPU Direct RDMA (DMABUF) enabled for HCA 0 'mlx5_0
node1:44709:44968 [2] NCCL INFO New proxy recv connection 2 from local rank 2, transport 2
node2:350319:350484 [2] NCCL INFO Channel 00/0 : 2[2] -> 6[2] [receive] via NET/IBext_v10/0
node2:350319:350484 [2] NCCL INFO GPU Direct RDMA Disabled for GPU 6 / HCA 0 (distance 8 > 5)
node2:350319:350476 [2] NCCL INFO New proxy recv connection 3 from local rank 2, transport 2
node2:350319:350484 [2] NCCL INFO Connected to proxy localRank 2 -> connection 0x7c6c20001098
node2:350319:350476 [2] NCCL INFO NET/IB : GPU Direct RDMA (nvidia-peermem) enabled for HCA 0 'mlx5_0
node2:350319:350476 [2] NCCL INFO NET/IB : GPU Direct RDMA (DMABUF) enabled for HCA 0 'mlx5_0
node2:350319:350484 [2] NCCL INFO Channel 01/0 : 2[2] -> 6[2] [receive] via NET/IBext_v10/0
node2:350319:350484 [2] NCCL INFO GPU Direct RDMA Disabled for GPU 6 / HCA 0 (distance 8 > 5)
node2:350319:350476 [2] NCCL INFO New proxy send connection 4 from local rank 2, transport 2
node2:350319:350484 [2] NCCL INFO Connected to proxy localRank 2 -> connection 0x7c6c20001110
node1:44709:44979 [2] NCCL INFO [Proxy Progress] Device 2 CPU core 17
node1:44709:44977 [2] NCCL INFO Connected to proxy localRank 2 -> connection 0x7d7200001020
node1:44709:44968 [2] NCCL INFO NET/IB : GPU Direct RDMA (nvidia-peermem) enabled for HCA 0 'mlx5_0
node1:44709:44968 [2] NCCL INFO NET/IB : GPU Direct RDMA (DMABUF) enabled for HCA 0 'mlx5_0
node1:44709:44977 [2] NCCL INFO Channel 00/0 : 6[2] -> 2[2] [receive] via NET/IBext_v10/0
node1:44709:44977 [2] NCCL INFO GPU Direct RDMA Disabled for GPU 2 / HCA 0 (distance 8 > 5)
node1:44709:44968 [2] NCCL INFO New proxy recv connection 3 from local rank 2, transport 2
node1:44709:44977 [2] NCCL INFO Connected to proxy localRank 2 -> connection 0x7d7200001098
node2:350319:350476 [2] NCCL INFO NET/IB : GPU Direct RDMA (nvidia-peermem) enabled for HCA 0 'mlx5_0
node2:350319:350476 [2] NCCL INFO NET/IB : GPU Direct RDMA (DMABUF) enabled for HCA 0 'mlx5_0
node2:350319:350484 [2] NCCL INFO Channel 00/0 : 6[2] -> 2[2] [send] via NET/IBext_v10/0
node2:350319:350484 [2] NCCL INFO GPU Direct RDMA Disabled for GPU 6 / HCA 0 (distance 8 > 5)
node1:44709:44968 [2] NCCL INFO NET/IB : GPU Direct RDMA (nvidia-peermem) enabled for HCA 0 'mlx5_0
node1:44709:44968 [2] NCCL INFO NET/IB : GPU Direct RDMA (DMABUF) enabled for HCA 0 'mlx5_0
node2:350319:350476 [2] NCCL INFO New proxy send connection 5 from local rank 2, transport 2
node2:350319:350488 [2] NCCL INFO [Proxy Progress] Device 2 CPU core 54
node2:350319:350484 [2] NCCL INFO Connected to proxy localRank 2 -> connection 0x7c6c20001188
node2:350319:350476 [2] NCCL INFO NET/IB : GPU Direct RDMA (nvidia-peermem) enabled for HCA 0 'mlx5_0
node2:350319:350476 [2] NCCL INFO NET/IB : GPU Direct RDMA (DMABUF) enabled for HCA 0 'mlx5_0
node2:350319:350484 [2] NCCL INFO Channel 01/0 : 6[2] -> 2[2] [send] via NET/IBext_v10/0
node1:44709:44977 [2] NCCL INFO Channel 01/0 : 6[2] -> 2[2] [receive] via NET/IBext_v10/0
node1:44709:44977 [2] NCCL INFO GPU Direct RDMA Disabled for GPU 2 / HCA 0 (distance 8 > 5)
node1:44709:44968 [2] NCCL INFO New proxy send connection 4 from local rank 2, transport 2
node1:44709:44977 [2] NCCL INFO Connected to proxy localRank 2 -> connection 0x7d7200001110
node1:44709:44968 [2] NCCL INFO NET/IB : GPU Direct RDMA (nvidia-peermem) enabled for HCA 0 'mlx5_0
node1:44709:44968 [2] NCCL INFO NET/IB : GPU Direct RDMA (DMABUF) enabled for HCA 0 'mlx5_0
node1:44709:44977 [2] NCCL INFO Channel 00/0 : 2[2] -> 6[2] [send] via NET/IBext_v10/0
node1:44709:44977 [2] NCCL INFO GPU Direct RDMA Disabled for GPU 2 / HCA 0 (distance 8 > 5)
node1:44709:44968 [2] NCCL INFO New proxy send connection 5 from local rank 2, transport 2
node1:44709:44977 [2] NCCL INFO Connected to proxy localRank 2 -> connection 0x7d7200001188
node1:44709:44968 [2] NCCL INFO NET/IB : GPU Direct RDMA (nvidia-peermem) enabled for HCA 0 'mlx5_0
node1:44709:44968 [2] NCCL INFO NET/IB : GPU Direct RDMA (DMABUF) enabled for HCA 0 'mlx5_0
node1:44709:44977 [2] NCCL INFO Channel 01/0 : 2[2] -> 6[2] [send] via NET/IBext_v10/0
node1:44709:44968 [2] NCCL INFO New proxy recv connection 6 from local rank 2, transport 0
node1:44709:44977 [2] NCCL INFO Connected to proxy localRank 2 -> connection 0x7d7200001200
node2:350319:350476 [2] NCCL INFO New proxy recv connection 6 from local rank 2, transport 0
node2:350319:350484 [2] NCCL INFO Connected to proxy localRank 2 -> connection 0x7c6c20001200
node2:350319:350476 [2] NCCL INFO New proxy recv connection 7 from local rank 2, transport 0
node1:44709:44968 [2] NCCL INFO New proxy recv connection 7 from local rank 2, transport 0
node1:44709:44977 [2] NCCL INFO Connected to proxy localRank 2 -> connection 0x7d7200001278
node2:350319:350484 [2] NCCL INFO Connected to proxy localRank 2 -> connection 0x7c6c20001278
node2:350319:350476 [2] NCCL INFO New proxy send connection 8 from local rank 3, transport 0
node2:350320:350479 [3] NCCL INFO New proxy send connection 9 from local rank 2, transport 0
node2:350320:350486 [3] NCCL INFO Connected to proxy localRank 2 -> connection 0x7c6c200012f0
node2:350319:350484 [2] NCCL INFO Connected to proxy localRank 3 -> connection 0x7bf00c001368
node1:44710:44969 [3] NCCL INFO New proxy send connection 9 from local rank 2, transport 0
node1:44710:44975 [3] NCCL INFO Connected to proxy localRank 2 -> connection 0x7d72000012f0
node1:44709:44977 [2] NCCL INFO Connected to proxy localRank 3 -> connection 0x790f20001368
node1:44709:44968 [2] NCCL INFO New proxy send connection 8 from local rank 3, transport 0
node2:350317:350478 [0] NCCL INFO New proxy send connection 9 from local rank 3, transport 0
node1:44707:44967 [0] NCCL INFO New proxy send connection 9 from local rank 3, transport 0
node1:44710:44975 [3] NCCL INFO Connected to proxy localRank 0 -> connection 0x7014f0001368
node2:350320:350486 [3] NCCL INFO Connected to proxy localRank 0 -> connection 0x76d5d0001368
node2:350319:350476 [2] NCCL INFO NET/IB: NCCL Dev 0 IbDev 0 Port 1 qpn 18849 mtu 5 LID 3 subnet-prefix 33022  FLID 0 fifoRkey=0x1f7a39 fifoLkey=0x1f7a39
node1:44709:44968 [2] NCCL INFO NET/IB: NCCL Dev 0 IbDev 0 Port 1 qpn 13300 mtu 5 LID 1 subnet-prefix 33022  FLID 0 fifoRkey=0x1f4e0c fifoLkey=0x1f4e0c
node2:350319:350476 [2] NCCL INFO NET/IB: NCCL Dev 0 IbDev 0 Port 1 qpn 18852 mtu 5 LID 3 subnet-prefix 33022  FLID 0 fifoRkey=0x1708c7 fifoLkey=0x1708c7
node1:44709:44968 [2] NCCL INFO NET/IB: NCCL Dev 0 IbDev 0 Port 1 qpn 13305 mtu 5 LID 1 subnet-prefix 33022  FLID 0 fifoRkey=0x1fd391 fifoLkey=0x1fd391
node1:44707:44976 [0] NCCL INFO Connected all trees
node1:44708:44978 [1] NCCL INFO Connected all trees
node1:44710:44975 [3] NCCL INFO Connected all trees
node2:350319:350484 [2] NCCL INFO Connected all trees
node2:350320:350486 [3] NCCL INFO Connected all trees
node1:44709:44977 [2] NCCL INFO Connected all trees
node2:350318:350487 [1] NCCL INFO Connected all trees
node2:350317:350485 [0] NCCL INFO Connected all trees
node1:44707:44956 [0] NCCL INFO New proxy recv connection 0 from local rank 0, transport 0
node1:44707:44982 [0] NCCL INFO Connected to proxy localRank 0 -> connection 0x70150c001010
node1:44708:44950 [1] NCCL INFO New proxy recv connection 0 from local rank 1, transport 0
node1:44708:44983 [1] NCCL INFO Connected to proxy localRank 1 -> connection 0x79cba8000f30
node1:44709:44951 [2] NCCL INFO New proxy recv connection 0 from local rank 2, transport 0
node1:44709:44980 [2] NCCL INFO Connected to proxy localRank 2 -> connection 0x7d7214000f30
node1:44710:44954 [3] NCCL INFO New proxy recv connection 0 from local rank 3, transport 0
node1:44710:44981 [3] NCCL INFO Connected to proxy localRank 3 -> connection 0x790f38000f30
node2:350319:350464 [2] NCCL INFO New proxy recv connection 0 from local rank 2, transport 0
node2:350320:350466 [3] NCCL INFO New proxy recv connection 0 from local rank 3, transport 0
node2:350320:350489 [3] NCCL INFO Connected to proxy localRank 3 -> connection 0x7bf02c000f30
node2:350317:350460 [0] NCCL INFO New proxy recv connection 0 from local rank 0, transport 0
node2:350317:350491 [0] NCCL INFO Connected to proxy localRank 0 -> connection 0x76d5e8001010
node1:44709:44951 [2] NCCL INFO New proxy recv connection 1 from local rank 2, transport 0
node1:44709:44980 [2] NCCL INFO Connected to proxy localRank 2 -> connection 0x7d7214000fa8
node2:350319:350490 [2] NCCL INFO Connected to proxy localRank 2 -> connection 0x7c6c3c000f30
node2:350318:350462 [1] NCCL INFO New proxy recv connection 0 from local rank 1, transport 0
node2:350318:350492 [1] NCCL INFO Connected to proxy localRank 1 -> connection 0x72a3b0000f30
node1:44707:44956 [0] NCCL INFO New proxy recv connection 1 from local rank 0, transport 0
node1:44707:44982 [0] NCCL INFO Connected to proxy localRank 0 -> connection 0x70150c001088
node2:350320:350466 [3] NCCL INFO New proxy recv connection 1 from local rank 3, transport 0
node2:350320:350489 [3] NCCL INFO Connected to proxy localRank 3 -> connection 0x7bf02c000fa8
node2:350319:350464 [2] NCCL INFO New proxy recv connection 1 from local rank 2, transport 0
node1:44708:44950 [1] NCCL INFO New proxy recv connection 1 from local rank 1, transport 0
node1:44708:44983 [1] NCCL INFO Connected to proxy localRank 1 -> connection 0x79cba8000fa8
node2:350319:350490 [2] NCCL INFO Connected to proxy localRank 2 -> connection 0x7c6c3c000fa8
node2:350317:350460 [0] NCCL INFO New proxy recv connection 1 from local rank 0, transport 0
node2:350317:350491 [0] NCCL INFO Connected to proxy localRank 0 -> connection 0x76d5e8001088
node1:44710:44954 [3] NCCL INFO New proxy recv connection 1 from local rank 3, transport 0
node1:44710:44981 [3] NCCL INFO Connected to proxy localRank 3 -> connection 0x790f38000fa8
node1:44709:44951 [2] NCCL INFO New proxy recv connection 2 from local rank 2, transport 0
node1:44709:44980 [2] NCCL INFO Connected to proxy localRank 2 -> connection 0x7d7214001020
node2:350317:350460 [0] NCCL INFO New proxy recv connection 2 from local rank 0, transport 0
node1:44707:44956 [0] NCCL INFO New proxy recv connection 2 from local rank 0, transport 0
node1:44707:44982 [0] NCCL INFO Connected to proxy localRank 0 -> connection 0x70150c001100
node1:44708:44950 [1] NCCL INFO New proxy recv connection 2 from local rank 1, transport 0
node2:350317:350491 [0] NCCL INFO Connected to proxy localRank 0 -> connection 0x76d5e8001100
node1:44708:44983 [1] NCCL INFO Connected to proxy localRank 1 -> connection 0x79cba8001020
node2:350320:350466 [3] NCCL INFO New proxy recv connection 2 from local rank 3, transport 0
node2:350320:350489 [3] NCCL INFO Connected to proxy localRank 3 -> connection 0x7bf02c001020
node1:44710:44954 [3] NCCL INFO New proxy recv connection 2 from local rank 3, transport 0
node1:44710:44981 [3] NCCL INFO Connected to proxy localRank 3 -> connection 0x790f38001020
node2:350319:350464 [2] NCCL INFO New proxy recv connection 2 from local rank 2, transport 0
node2:350319:350490 [2] NCCL INFO Connected to proxy localRank 2 -> connection 0x7c6c3c001020
node2:350318:350462 [1] NCCL INFO New proxy recv connection 1 from local rank 1, transport 0
node2:350318:350492 [1] NCCL INFO Connected to proxy localRank 1 -> connection 0x72a3b0000fa8
node1:44707:44956 [0] NCCL INFO New proxy recv connection 3 from local rank 0, transport 0
node1:44707:44982 [0] NCCL INFO Connected to proxy localRank 0 -> connection 0x70150c001178
node1:44709:44951 [2] NCCL INFO New proxy recv connection 3 from local rank 2, transport 0
node1:44709:44980 [2] NCCL INFO Connected to proxy localRank 2 -> connection 0x7d7214001098
node1:44708:44950 [1] NCCL INFO New proxy recv connection 3 from local rank 1, transport 0
node1:44708:44983 [1] NCCL INFO Connected to proxy localRank 1 -> connection 0x79cba8001098
node2:350318:350462 [1] NCCL INFO New proxy recv connection 2 from local rank 1, transport 0
node2:350318:350492 [1] NCCL INFO Connected to proxy localRank 1 -> connection 0x72a3b0001020
node2:350319:350464 [2] NCCL INFO New proxy recv connection 3 from local rank 2, transport 0
node2:350319:350490 [2] NCCL INFO Connected to proxy localRank 2 -> connection 0x7c6c3c001098
node2:350320:350466 [3] NCCL INFO New proxy recv connection 3 from local rank 3, transport 0
node2:350320:350489 [3] NCCL INFO Connected to proxy localRank 3 -> connection 0x7bf02c001098
node2:350317:350460 [0] NCCL INFO New proxy recv connection 3 from local rank 0, transport 0
node2:350317:350491 [0] NCCL INFO Connected to proxy localRank 0 -> connection 0x76d5e8001178
node1:44707:44956 [0] NCCL INFO New proxy recv connection 4 from local rank 0, transport 0
node1:44707:44982 [0] NCCL INFO Connected to proxy localRank 0 -> connection 0x70150c0011f0
node1:44710:44954 [3] NCCL INFO New proxy recv connection 3 from local rank 3, transport 0
node1:44710:44981 [3] NCCL INFO Connected to proxy localRank 3 -> connection 0x790f38001098
node1:44709:44951 [2] NCCL INFO New proxy recv connection 4 from local rank 2, transport 0
node1:44709:44980 [2] NCCL INFO Connected to proxy localRank 2 -> connection 0x7d7214001110
node1:44708:44950 [1] NCCL INFO New proxy recv connection 4 from local rank 1, transport 0
node1:44708:44983 [1] NCCL INFO Connected to proxy localRank 1 -> connection 0x79cba8001110
node2:350317:350460 [0] NCCL INFO New proxy recv connection 4 from local rank 0, transport 0
node2:350317:350491 [0] NCCL INFO Connected to proxy localRank 0 -> connection 0x76d5e80011f0
node2:350319:350464 [2] NCCL INFO New proxy recv connection 4 from local rank 2, transport 0
node2:350319:350490 [2] NCCL INFO Connected to proxy localRank 2 -> connection 0x7c6c3c001110
node2:350320:350466 [3] NCCL INFO New proxy recv connection 4 from local rank 3, transport 0
node2:350320:350489 [3] NCCL INFO Connected to proxy localRank 3 -> connection 0x7bf02c001110
node2:350318:350462 [1] NCCL INFO New proxy recv connection 3 from local rank 1, transport 0
node2:350318:350492 [1] NCCL INFO Connected to proxy localRank 1 -> connection 0x72a3b0001098
node1:44707:44956 [0] NCCL INFO New proxy recv connection 5 from local rank 0, transport 0
node1:44707:44982 [0] NCCL INFO Connected to proxy localRank 0 -> connection 0x70150c001268
node1:44709:44951 [2] NCCL INFO New proxy recv connection 5 from local rank 2, transport 0
node1:44709:44980 [2] NCCL INFO Connected to proxy localRank 2 -> connection 0x7d7214001188
node2:350317:350460 [0] NCCL INFO New proxy recv connection 5 from local rank 0, transport 0
node1:44710:44954 [3] NCCL INFO New proxy recv connection 4 from local rank 3, transport 0
node1:44710:44981 [3] NCCL INFO Connected to proxy localRank 3 -> connection 0x790f38001110
node1:44708:44950 [1] NCCL INFO New proxy recv connection 5 from local rank 1, transport 0
node1:44708:44983 [1] NCCL INFO Connected to proxy localRank 1 -> connection 0x79cba8001188
node2:350317:350491 [0] NCCL INFO Connected to proxy localRank 0 -> connection 0x76d5e8001268
node2:350319:350464 [2] NCCL INFO New proxy recv connection 5 from local rank 2, transport 0
node2:350319:350490 [2] NCCL INFO Connected to proxy localRank 2 -> connection 0x7c6c3c001188
node2:350320:350466 [3] NCCL INFO New proxy recv connection 5 from local rank 3, transport 0
node2:350320:350489 [3] NCCL INFO Connected to proxy localRank 3 -> connection 0x7bf02c001188
node1:44709:44951 [2] NCCL INFO New proxy recv connection 6 from local rank 2, transport 0
node1:44709:44980 [2] NCCL INFO Connected to proxy localRank 2 -> connection 0x7d7214001200
node1:44707:44956 [0] NCCL INFO New proxy recv connection 6 from local rank 0, transport 0
node2:350317:350460 [0] NCCL INFO New proxy recv connection 6 from local rank 0, transport 0
node2:350317:350491 [0] NCCL INFO Connected to proxy localRank 0 -> connection 0x76d5e80012e0
node1:44707:44982 [0] NCCL INFO Connected to proxy localRank 0 -> connection 0x70150c0012e0
node1:44708:44950 [1] NCCL INFO New proxy recv connection 6 from local rank 1, transport 0
node1:44708:44983 [1] NCCL INFO Connected to proxy localRank 1 -> connection 0x79cba8001200
node2:350318:350462 [1] NCCL INFO New proxy recv connection 4 from local rank 1, transport 0
node2:350318:350492 [1] NCCL INFO Connected to proxy localRank 1 -> connection 0x72a3b0001110
node1:44710:44954 [3] NCCL INFO New proxy recv connection 5 from local rank 3, transport 0
node1:44710:44981 [3] NCCL INFO Connected to proxy localRank 3 -> connection 0x790f38001188
node2:350320:350466 [3] NCCL INFO New proxy recv connection 6 from local rank 3, transport 0
node2:350320:350489 [3] NCCL INFO Connected to proxy localRank 3 -> connection 0x7bf02c001200
node1:44709:44951 [2] NCCL INFO New proxy recv connection 7 from local rank 2, transport 0
node1:44709:44980 [2] NCCL INFO Connected to proxy localRank 2 -> connection 0x7d7214001278
node2:350319:350464 [2] NCCL INFO New proxy recv connection 6 from local rank 2, transport 0
node2:350319:350490 [2] NCCL INFO Connected to proxy localRank 2 -> connection 0x7c6c3c001200
node2:350317:350460 [0] NCCL INFO New proxy recv connection 7 from local rank 0, transport 0
node2:350317:350491 [0] NCCL INFO Connected to proxy localRank 0 -> connection 0x76d5e8001358
node1:44708:44950 [1] NCCL INFO New proxy recv connection 7 from local rank 1, transport 0
node1:44708:44983 [1] NCCL INFO Connected to proxy localRank 1 -> connection 0x79cba8001278
node1:44707:44956 [0] NCCL INFO New proxy recv connection 7 from local rank 0, transport 0
node1:44707:44982 [0] NCCL INFO Connected to proxy localRank 0 -> connection 0x70150c001358
node2:350318:350462 [1] NCCL INFO New proxy recv connection 5 from local rank 1, transport 0
node2:350318:350492 [1] NCCL INFO Connected to proxy localRank 1 -> connection 0x72a3b0001188
node1:44710:44954 [3] NCCL INFO New proxy recv connection 6 from local rank 3, transport 0
node1:44710:44981 [3] NCCL INFO Connected to proxy localRank 3 -> connection 0x790f38001200
node2:350319:350464 [2] NCCL INFO New proxy recv connection 7 from local rank 2, transport 0
node2:350319:350490 [2] NCCL INFO Connected to proxy localRank 2 -> connection 0x7c6c3c001278
node1:44709:44980 [2] NCCL INFO Channel 00/0 : 2[2] -> 3[3] via P2P/CUMEM/read
node1:44709:44951 [2] NCCL INFO New proxy send connection 8 from local rank 2, transport 0
node1:44708:44983 [1] NCCL INFO Channel 00/0 : 1[1] -> 2[2] via P2P/CUMEM/read
node1:44709:44980 [2] NCCL INFO Connected to proxy localRank 2 -> connection 0x7d72140012f0
node1:44708:44950 [1] NCCL INFO New proxy send connection 8 from local rank 1, transport 0
node1:44707:44982 [0] NCCL INFO Channel 00/0 : 0[0] -> 1[1] via P2P/CUMEM/read
node1:44708:44983 [1] NCCL INFO Connected to proxy localRank 1 -> connection 0x79cba80012f0
node1:44707:44956 [0] NCCL INFO New proxy send connection 8 from local rank 0, transport 0
node1:44707:44982 [0] NCCL INFO Connected to proxy localRank 0 -> connection 0x70150c0013d0
node1:44710:44954 [3] NCCL INFO New proxy recv connection 7 from local rank 3, transport 0
node1:44710:44981 [3] NCCL INFO Connected to proxy localRank 3 -> connection 0x790f38001278
node2:350319:350490 [2] NCCL INFO Channel 00/0 : 2[2] -> 3[3] via P2P/CUMEM/read
node2:350318:350462 [1] NCCL INFO New proxy recv connection 6 from local rank 1, transport 0
node2:350318:350492 [1] NCCL INFO Connected to proxy localRank 1 -> connection 0x72a3b0001200
node2:350319:350464 [2] NCCL INFO New proxy send connection 8 from local rank 2, transport 0
node2:350319:350490 [2] NCCL INFO Connected to proxy localRank 2 -> connection 0x7c6c3c0012f0
node2:350320:350466 [3] NCCL INFO New proxy recv connection 7 from local rank 3, transport 0
node2:350320:350489 [3] NCCL INFO Connected to proxy localRank 3 -> connection 0x7bf02c001278
node2:350317:350491 [0] NCCL INFO Channel 00/0 : 0[0] -> 1[1] via P2P/CUMEM/read
node2:350317:350460 [0] NCCL INFO New proxy send connection 8 from local rank 0, transport 0
node1:44708:44983 [1] NCCL INFO Channel 04/0 : 1[1] -> 2[2] via P2P/CUMEM/read
node1:44708:44950 [1] NCCL INFO New proxy send connection 9 from local rank 1, transport 0
node1:44709:44980 [2] NCCL INFO Channel 02/0 : 2[2] -> 3[3] via P2P/CUMEM/read
node1:44709:44951 [2] NCCL INFO New proxy send connection 9 from local rank 2, transport 0
node1:44708:44983 [1] NCCL INFO Connected to proxy localRank 1 -> connection 0x79cba8001368
node2:350317:350491 [0] NCCL INFO Connected to proxy localRank 0 -> connection 0x76d5e80013d0
node1:44709:44980 [2] NCCL INFO Connected to proxy localRank 2 -> connection 0x7d7214001368
node1:44707:44982 [0] NCCL INFO Channel 01/0 : 0[0] -> 1[1] via P2P/CUMEM/read
node2:350319:350490 [2] NCCL INFO Channel 02/0 : 2[2] -> 3[3] via P2P/CUMEM/read
node1:44707:44956 [0] NCCL INFO New proxy send connection 9 from local rank 0, transport 0
node1:44707:44982 [0] NCCL INFO Connected to proxy localRank 0 -> connection 0x70150c001448
node2:350319:350464 [2] NCCL INFO New proxy send connection 9 from local rank 2, transport 0
node2:350319:350490 [2] NCCL INFO Connected to proxy localRank 2 -> connection 0x7c6c3c001368
node2:350318:350462 [1] NCCL INFO New proxy recv connection 7 from local rank 1, transport 0
node2:350318:350492 [1] NCCL INFO Connected to proxy localRank 1 -> connection 0x72a3b0001278
node2:350320:350489 [3] NCCL INFO Channel 00/0 : 3[3] -> 0[0] via P2P/CUMEM/read
node2:350320:350466 [3] NCCL INFO New proxy send connection 8 from local rank 3, transport 0
node2:350320:350489 [3] NCCL INFO Connected to proxy localRank 3 -> connection 0x7bf02c0012f0
node1:44708:44983 [1] NCCL INFO Channel 06/0 : 1[1] -> 2[2] via P2P/CUMEM/read
node1:44707:44982 [0] NCCL INFO Channel 06/0 : 0[0] -> 1[1] via P2P/CUMEM/read
node1:44708:44950 [1] NCCL INFO New proxy send connection 10 from local rank 1, transport 0
node1:44708:44983 [1] NCCL INFO Connected to proxy localRank 1 -> connection 0x79cba80013e0
node1:44707:44956 [0] NCCL INFO New proxy send connection 10 from local rank 0, transport 0
node1:44709:44980 [2] NCCL INFO Channel 06/0 : 2[2] -> 3[3] via P2P/CUMEM/read
node1:44707:44982 [0] NCCL INFO Connected to proxy localRank 0 -> connection 0x70150c0014c0
node1:44709:44951 [2] NCCL INFO New proxy send connection 10 from local rank 2, transport 0
node1:44709:44980 [2] NCCL INFO Connected to proxy localRank 2 -> connection 0x7d72140013e0
node1:44710:44981 [3] NCCL INFO Channel 00/0 : 3[3] -> 0[0] via P2P/CUMEM/read
node1:44710:44954 [3] NCCL INFO New proxy send connection 8 from local rank 3, transport 0
node1:44710:44981 [3] NCCL INFO Connected to proxy localRank 3 -> connection 0x790f380012f0
node2:350317:350491 [0] NCCL INFO Channel 01/0 : 0[0] -> 1[1] via P2P/CUMEM/read
node2:350318:350492 [1] NCCL INFO Channel 00/0 : 1[1] -> 2[2] via P2P/CUMEM/read
node2:350317:350460 [0] NCCL INFO New proxy send connection 9 from local rank 0, transport 0
node2:350317:350491 [0] NCCL INFO Connected to proxy localRank 0 -> connection 0x76d5e8001448
node1:44708:44983 [1] NCCL INFO Channel 10/0 : 1[1] -> 2[2] via P2P/CUMEM/read
node1:44708:44950 [1] NCCL INFO New proxy send connection 11 from local rank 1, transport 0
node1:44708:44983 [1] NCCL INFO Connected to proxy localRank 1 -> connection 0x79cba8001458
node1:44707:44982 [0] NCCL INFO Channel 07/0 : 0[0] -> 1[1] via P2P/CUMEM/read
node2:350318:350462 [1] NCCL INFO New proxy send connection 8 from local rank 1, transport 0
node1:44707:44956 [0] NCCL INFO New proxy send connection 11 from local rank 0, transport 0
node2:350318:350492 [1] NCCL INFO Connected to proxy localRank 1 -> connection 0x72a3b00012f0
node1:44707:44982 [0] NCCL INFO Connected to proxy localRank 0 -> connection 0x70150c001538
node2:350319:350490 [2] NCCL INFO Channel 06/0 : 2[2] -> 3[3] via P2P/CUMEM/read
node2:350320:350489 [3] NCCL INFO Channel 03/0 : 3[3] -> 0[0] via P2P/CUMEM/read
node2:350320:350466 [3] NCCL INFO New proxy send connection 9 from local rank 3, transport 0
node2:350319:350464 [2] NCCL INFO New proxy send connection 10 from local rank 2, transport 0
node2:350319:350490 [2] NCCL INFO Connected to proxy localRank 2 -> connection 0x7c6c3c0013e0
node1:44710:44981 [3] NCCL INFO Channel 03/0 : 3[3] -> 0[0] via P2P/CUMEM/read
node1:44709:44980 [2] NCCL INFO Channel 08/0 : 2[2] -> 3[3] via P2P/CUMEM/read
node1:44710:44954 [3] NCCL INFO New proxy send connection 9 from local rank 3, transport 0
node1:44709:44951 [2] NCCL INFO New proxy send connection 11 from local rank 2, transport 0
node1:44709:44980 [2] NCCL INFO Connected to proxy localRank 2 -> connection 0x7d7214001458
node1:44710:44981 [3] NCCL INFO Connected to proxy localRank 3 -> connection 0x790f38001368
node2:350320:350489 [3] NCCL INFO Connected to proxy localRank 3 -> connection 0x7bf02c001368
node2:350318:350492 [1] NCCL INFO Channel 04/0 : 1[1] -> 2[2] via P2P/CUMEM/read
node2:350317:350491 [0] NCCL INFO Channel 06/0 : 0[0] -> 1[1] via P2P/CUMEM/read
node2:350318:350462 [1] NCCL INFO New proxy send connection 9 from local rank 1, transport 0
node2:350318:350492 [1] NCCL INFO Connected to proxy localRank 1 -> connection 0x72a3b0001368
node2:350317:350460 [0] NCCL INFO New proxy send connection 10 from local rank 0, transport 0
node2:350317:350491 [0] NCCL INFO Connected to proxy localRank 0 -> connection 0x76d5e80014c0
node1:44710:44981 [3] NCCL INFO Channel 06/0 : 3[3] -> 0[0] via P2P/CUMEM/read
node1:44710:44954 [3] NCCL INFO New proxy send connection 10 from local rank 3, transport 0
node1:44707:44982 [0] NCCL INFO Channel 12/0 : 0[0] -> 1[1] via P2P/CUMEM/read
node1:44710:44981 [3] NCCL INFO Connected to proxy localRank 3 -> connection 0x790f380013e0
node2:350319:350490 [2] NCCL INFO Channel 08/0 : 2[2] -> 3[3] via P2P/CUMEM/read
node1:44708:44983 [1] NCCL INFO Channel 12/0 : 1[1] -> 2[2] via P2P/CUMEM/read
node1:44707:44956 [0] NCCL INFO New proxy send connection 12 from local rank 0, transport 0
node1:44707:44982 [0] NCCL INFO Connected to proxy localRank 0 -> connection 0x70150c0015b0
node2:350320:350489 [3] NCCL INFO Channel 06/0 : 3[3] -> 0[0] via P2P/CUMEM/read
node1:44708:44950 [1] NCCL INFO New proxy send connection 12 from local rank 1, transport 0
node1:44708:44983 [1] NCCL INFO Connected to proxy localRank 1 -> connection 0x79cba80014d0
node2:350319:350464 [2] NCCL INFO New proxy send connection 11 from local rank 2, transport 0
node2:350319:350490 [2] NCCL INFO Connected to proxy localRank 2 -> connection 0x7c6c3c001458
node1:44709:44980 [2] NCCL INFO Channel 12/0 : 2[2] -> 3[3] via P2P/CUMEM/read
node1:44709:44951 [2] NCCL INFO New proxy send connection 12 from local rank 2, transport 0
node1:44709:44980 [2] NCCL INFO Connected to proxy localRank 2 -> connection 0x7d72140014d0
node2:350320:350466 [3] NCCL INFO New proxy send connection 10 from local rank 3, transport 0
node2:350320:350489 [3] NCCL INFO Connected to proxy localRank 3 -> connection 0x7bf02c0013e0
node2:350317:350491 [0] NCCL INFO Channel 07/0 : 0[0] -> 1[1] via P2P/CUMEM/read
node1:44710:44981 [3] NCCL INFO Channel 09/0 : 3[3] -> 0[0] via P2P/CUMEM/read
node2:350317:350460 [0] NCCL INFO New proxy send connection 11 from local rank 0, transport 0
node2:350318:350492 [1] NCCL INFO Channel 06/0 : 1[1] -> 2[2] via P2P/CUMEM/read
node1:44710:44954 [3] NCCL INFO New proxy send connection 11 from local rank 3, transport 0
node1:44710:44981 [3] NCCL INFO Connected to proxy localRank 3 -> connection 0x790f38001458
node2:350317:350491 [0] NCCL INFO Connected to proxy localRank 0 -> connection 0x76d5e8001538
node1:44708:44983 [1] NCCL INFO Channel 16/0 : 1[1] -> 2[2] via P2P/CUMEM/read
node2:350318:350462 [1] NCCL INFO New proxy send connection 10 from local rank 1, transport 0
node2:350318:350492 [1] NCCL INFO Connected to proxy localRank 1 -> connection 0x72a3b00013e0
node1:44708:44950 [1] NCCL INFO New proxy send connection 13 from local rank 1, transport 0
node1:44708:44983 [1] NCCL INFO Connected to proxy localRank 1 -> connection 0x79cba8001548
node1:44707:44982 [0] NCCL INFO Channel 13/0 : 0[0] -> 1[1] via P2P/CUMEM/read
node1:44707:44956 [0] NCCL INFO New proxy send connection 13 from local rank 0, transport 0
node2:350319:350490 [2] NCCL INFO Channel 12/0 : 2[2] -> 3[3] via P2P/CUMEM/read
node1:44707:44982 [0] NCCL INFO Connected to proxy localRank 0 -> connection 0x70150c001628
node2:350320:350489 [3] NCCL INFO Channel 09/0 : 3[3] -> 0[0] via P2P/CUMEM/read
node2:350319:350464 [2] NCCL INFO New proxy send connection 12 from local rank 2, transport 0
node2:350319:350490 [2] NCCL INFO Connected to proxy localRank 2 -> connection 0x7c6c3c0014d0
node1:44709:44980 [2] NCCL INFO Channel 14/0 : 2[2] -> 3[3] via P2P/CUMEM/read
node1:44709:44951 [2] NCCL INFO New proxy send connection 13 from local rank 2, transport 0
node1:44709:44980 [2] NCCL INFO Connected to proxy localRank 2 -> connection 0x7d7214001548
node2:350320:350466 [3] NCCL INFO New proxy send connection 11 from local rank 3, transport 0
node2:350320:350489 [3] NCCL INFO Connected to proxy localRank 3 -> connection 0x7bf02c001458
node2:350317:350491 [0] NCCL INFO Channel 12/0 : 0[0] -> 1[1] via P2P/CUMEM/read
node2:350317:350460 [0] NCCL INFO New proxy send connection 12 from local rank 0, transport 0
node2:350317:350491 [0] NCCL INFO Connected to proxy localRank 0 -> connection 0x76d5e80015b0
node2:350319:350490 [2] NCCL INFO Channel 14/0 : 2[2] -> 3[3] via P2P/CUMEM/read
node1:44710:44981 [3] NCCL INFO Channel 12/0 : 3[3] -> 0[0] via P2P/CUMEM/read
node2:350319:350464 [2] NCCL INFO New proxy send connection 13 from local rank 2, transport 0
node2:350319:350490 [2] NCCL INFO Connected to proxy localRank 2 -> connection 0x7c6c3c001548
node2:350318:350492 [1] NCCL INFO Channel 10/0 : 1[1] -> 2[2] via P2P/CUMEM/read
node1:44707:44982 [0] NCCL INFO Channel 18/0 : 0[0] -> 1[1] via P2P/CUMEM/read
node2:350320:350489 [3] NCCL INFO Channel 12/0 : 3[3] -> 0[0] via P2P/CUMEM/read
node1:44710:44954 [3] NCCL INFO New proxy send connection 12 from local rank 3, transport 0
node1:44710:44981 [3] NCCL INFO Connected to proxy localRank 3 -> connection 0x790f380014d0
node2:350318:350462 [1] NCCL INFO New proxy send connection 11 from local rank 1, transport 0
node1:44707:44956 [0] NCCL INFO New proxy send connection 14 from local rank 0, transport 0
node2:350318:350492 [1] NCCL INFO Connected to proxy localRank 1 -> connection 0x72a3b0001458
node1:44708:44983 [1] NCCL INFO Channel 18/0 : 1[1] -> 2[2] via P2P/CUMEM/read
node1:44707:44982 [0] NCCL INFO Connected to proxy localRank 0 -> connection 0x70150c0016a0
node1:44708:44950 [1] NCCL INFO New proxy send connection 14 from local rank 1, transport 0
node1:44708:44983 [1] NCCL INFO Connected to proxy localRank 1 -> connection 0x79cba80015c0
node2:350320:350466 [3] NCCL INFO New proxy send connection 12 from local rank 3, transport 0
node2:350320:350489 [3] NCCL INFO Connected to proxy localRank 3 -> connection 0x7bf02c0014d0
node1:44709:44980 [2] NCCL INFO Channel 18/0 : 2[2] -> 3[3] via P2P/CUMEM/read
node2:350317:350491 [0] NCCL INFO Channel 13/0 : 0[0] -> 1[1] via P2P/CUMEM/read
node1:44709:44951 [2] NCCL INFO New proxy send connection 14 from local rank 2, transport 0
node1:44709:44980 [2] NCCL INFO Connected to proxy localRank 2 -> connection 0x7d72140015c0
node2:350317:350460 [0] NCCL INFO New proxy send connection 13 from local rank 0, transport 0
node2:350317:350491 [0] NCCL INFO Connected to proxy localRank 0 -> connection 0x76d5e8001628
node2:350319:350490 [2] NCCL INFO Channel 18/0 : 2[2] -> 3[3] via P2P/CUMEM/read
node2:350319:350464 [2] NCCL INFO New proxy send connection 14 from local rank 2, transport 0
node2:350319:350490 [2] NCCL INFO Connected to proxy localRank 2 -> connection 0x7c6c3c0015c0
node1:44710:44981 [3] NCCL INFO Channel 15/0 : 3[3] -> 0[0] via P2P/CUMEM/read
node1:44710:44954 [3] NCCL INFO New proxy send connection 13 from local rank 3, transport 0
node1:44710:44981 [3] NCCL INFO Connected to proxy localRank 3 -> connection 0x790f38001548
node2:350320:350489 [3] NCCL INFO Channel 15/0 : 3[3] -> 0[0] via P2P/CUMEM/read
node1:44707:44982 [0] NCCL INFO Channel 19/0 : 0[0] -> 1[1] via P2P/CUMEM/read
node1:44707:44956 [0] NCCL INFO New proxy send connection 15 from local rank 0, transport 0
node1:44707:44982 [0] NCCL INFO Connected to proxy localRank 0 -> connection 0x70150c001718
node2:350320:350466 [3] NCCL INFO New proxy send connection 13 from local rank 3, transport 0
node2:350320:350489 [3] NCCL INFO Connected to proxy localRank 3 -> connection 0x7bf02c001548
node2:350318:350492 [1] NCCL INFO Channel 12/0 : 1[1] -> 2[2] via P2P/CUMEM/read
node2:350317:350491 [0] NCCL INFO Channel 18/0 : 0[0] -> 1[1] via P2P/CUMEM/read
node2:350318:350462 [1] NCCL INFO New proxy send connection 12 from local rank 1, transport 0
node2:350317:350460 [0] NCCL INFO New proxy send connection 14 from local rank 0, transport 0
node2:350317:350491 [0] NCCL INFO Connected to proxy localRank 0 -> connection 0x76d5e80016a0
node2:350318:350492 [1] NCCL INFO Connected to proxy localRank 1 -> connection 0x72a3b00014d0
node2:350319:350490 [2] NCCL INFO Channel 20/0 : 2[2] -> 3[3] via P2P/CUMEM/read
node1:44710:44981 [3] NCCL INFO Channel 18/0 : 3[3] -> 0[0] via P2P/CUMEM/read
node1:44709:44980 [2] NCCL INFO Channel 20/0 : 2[2] -> 3[3] via P2P/CUMEM/read
node1:44710:44954 [3] NCCL INFO New proxy send connection 14 from local rank 3, transport 0
node1:44709:44951 [2] NCCL INFO New proxy send connection 15 from local rank 2, transport 0
node1:44710:44981 [3] NCCL INFO Connected to proxy localRank 3 -> connection 0x790f380015c0
node1:44708:44983 [1] NCCL INFO Channel 22/0 : 1[1] -> 2[2] via P2P/CUMEM/read
node1:44709:44980 [2] NCCL INFO Connected to proxy localRank 2 -> connection 0x7d7214001638
node2:350319:350464 [2] NCCL INFO New proxy send connection 15 from local rank 2, transport 0
node2:350319:350490 [2] NCCL INFO Connected to proxy localRank 2 -> connection 0x7c6c3c001638
node1:44708:44950 [1] NCCL INFO New proxy send connection 15 from local rank 1, transport 0
node1:44708:44983 [1] NCCL INFO Connected to proxy localRank 1 -> connection 0x79cba8001638
node2:350320:350489 [3] NCCL INFO Channel 18/0 : 3[3] -> 0[0] via P2P/CUMEM/read
node2:350320:350466 [3] NCCL INFO New proxy send connection 14 from local rank 3, transport 0
node2:350320:350489 [3] NCCL INFO Connected to proxy localRank 3 -> connection 0x7bf02c0015c0
node2:350318:350492 [1] NCCL INFO Channel 16/0 : 1[1] -> 2[2] via P2P/CUMEM/read
node2:350317:350491 [0] NCCL INFO Channel 19/0 : 0[0] -> 1[1] via P2P/CUMEM/read
node2:350318:350462 [1] NCCL INFO New proxy send connection 13 from local rank 1, transport 0
node1:44710:44981 [3] NCCL INFO Channel 21/0 : 3[3] -> 0[0] via P2P/CUMEM/read
node1:44710:44954 [3] NCCL INFO New proxy send connection 15 from local rank 3, transport 0
node1:44710:44981 [3] NCCL INFO Connected to proxy localRank 3 -> connection 0x790f38001638
node2:350318:350492 [1] NCCL INFO Connected to proxy localRank 1 -> connection 0x72a3b0001548
node2:350317:350460 [0] NCCL INFO New proxy send connection 15 from local rank 0, transport 0
node2:350317:350491 [0] NCCL INFO Connected to proxy localRank 0 -> connection 0x76d5e8001718
node1:44708:44950 [1] NCCL INFO New proxy recv connection 16 from local rank 1, transport 0
node1:44708:44983 [1] NCCL INFO Connected to proxy localRank 1 -> connection 0x79cba80016b0
node1:44709:44951 [2] NCCL INFO New proxy recv connection 16 from local rank 2, transport 0
node1:44709:44980 [2] NCCL INFO Connected to proxy localRank 2 -> connection 0x7d72140016b0
node1:44707:44956 [0] NCCL INFO New proxy recv connection 16 from local rank 0, transport 0
node1:44707:44982 [0] NCCL INFO Connected to proxy localRank 0 -> connection 0x70150c001790
node2:350320:350489 [3] NCCL INFO Channel 21/0 : 3[3] -> 0[0] via P2P/CUMEM/read
node2:350320:350466 [3] NCCL INFO New proxy send connection 15 from local rank 3, transport 0
node1:44710:44954 [3] NCCL INFO New proxy recv connection 16 from local rank 3, transport 0
node1:44710:44981 [3] NCCL INFO Connected to proxy localRank 3 -> connection 0x790f380016b0
node1:44708:44950 [1] NCCL INFO New proxy recv connection 17 from local rank 1, transport 0
node1:44708:44983 [1] NCCL INFO Connected to proxy localRank 1 -> connection 0x79cba8001728
node2:350318:350492 [1] NCCL INFO Channel 18/0 : 1[1] -> 2[2] via P2P/CUMEM/read
node2:350320:350489 [3] NCCL INFO Connected to proxy localRank 3 -> connection 0x7bf02c001638
node2:350318:350462 [1] NCCL INFO New proxy send connection 14 from local rank 1, transport 0
node2:350318:350492 [1] NCCL INFO Connected to proxy localRank 1 -> connection 0x72a3b00015c0
node1:44709:44951 [2] NCCL INFO New proxy recv connection 17 from local rank 2, transport 0
node1:44709:44980 [2] NCCL INFO Connected to proxy localRank 2 -> connection 0x7d7214001728
node2:350318:350492 [1] NCCL INFO Channel 22/0 : 1[1] -> 2[2] via P2P/CUMEM/read
node2:350318:350462 [1] NCCL INFO New proxy send connection 15 from local rank 1, transport 0
node2:350318:350492 [1] NCCL INFO Connected to proxy localRank 1 -> connection 0x72a3b0001638
node1:44708:44950 [1] NCCL INFO New proxy recv connection 18 from local rank 1, transport 0
node1:44708:44983 [1] NCCL INFO Connected to proxy localRank 1 -> connection 0x79cba80017a0
node1:44707:44956 [0] NCCL INFO New proxy recv connection 17 from local rank 0, transport 0
node1:44707:44982 [0] NCCL INFO Connected to proxy localRank 0 -> connection 0x70150c001808
node2:350320:350466 [3] NCCL INFO New proxy recv connection 16 from local rank 3, transport 0
node2:350320:350489 [3] NCCL INFO Connected to proxy localRank 3 -> connection 0x7bf02c0016b0
node1:44709:44951 [2] NCCL INFO New proxy recv connection 18 from local rank 2, transport 0
node1:44709:44980 [2] NCCL INFO Connected to proxy localRank 2 -> connection 0x7d72140017a0
node2:350317:350460 [0] NCCL INFO New proxy recv connection 16 from local rank 0, transport 0
node2:350317:350491 [0] NCCL INFO Connected to proxy localRank 0 -> connection 0x76d5e8001790
node2:350320:350466 [3] NCCL INFO New proxy recv connection 17 from local rank 3, transport 0
node2:350320:350489 [3] NCCL INFO Connected to proxy localRank 3 -> connection 0x7bf02c001728
node1:44708:44950 [1] NCCL INFO New proxy recv connection 19 from local rank 1, transport 0
node1:44708:44983 [1] NCCL INFO Connected to proxy localRank 1 -> connection 0x79cba8001818
node1:44710:44954 [3] NCCL INFO New proxy recv connection 17 from local rank 3, transport 0
node1:44710:44981 [3] NCCL INFO Connected to proxy localRank 3 -> connection 0x790f38001728
node2:350319:350464 [2] NCCL INFO New proxy recv connection 16 from local rank 2, transport 0
node2:350319:350490 [2] NCCL INFO Connected to proxy localRank 2 -> connection 0x7c6c3c0016b0
node2:350318:350462 [1] NCCL INFO New proxy recv connection 16 from local rank 1, transport 0
node1:44707:44956 [0] NCCL INFO New proxy recv connection 18 from local rank 0, transport 0
node1:44707:44982 [0] NCCL INFO Connected to proxy localRank 0 -> connection 0x70150c001880
node2:350318:350492 [1] NCCL INFO Connected to proxy localRank 1 -> connection 0x72a3b00016b0
node2:350320:350466 [3] NCCL INFO New proxy recv connection 18 from local rank 3, transport 0
node2:350320:350489 [3] NCCL INFO Connected to proxy localRank 3 -> connection 0x7bf02c0017a0
node1:44709:44951 [2] NCCL INFO New proxy recv connection 19 from local rank 2, transport 0
node1:44709:44980 [2] NCCL INFO Connected to proxy localRank 2 -> connection 0x7d7214001818
node2:350317:350460 [0] NCCL INFO New proxy recv connection 17 from local rank 0, transport 0
node2:350317:350491 [0] NCCL INFO Connected to proxy localRank 0 -> connection 0x76d5e8001808
node2:350319:350464 [2] NCCL INFO New proxy recv connection 17 from local rank 2, transport 0
node2:350319:350490 [2] NCCL INFO Connected to proxy localRank 2 -> connection 0x7c6c3c001728
node1:44708:44950 [1] NCCL INFO New proxy recv connection 20 from local rank 1, transport 0
node1:44708:44983 [1] NCCL INFO Connected to proxy localRank 1 -> connection 0x79cba8001890
node1:44710:44954 [3] NCCL INFO New proxy recv connection 18 from local rank 3, transport 0
node1:44710:44981 [3] NCCL INFO Connected to proxy localRank 3 -> connection 0x790f380017a0
node1:44707:44956 [0] NCCL INFO New proxy recv connection 19 from local rank 0, transport 0
node1:44707:44982 [0] NCCL INFO Connected to proxy localRank 0 -> connection 0x70150c0018f8
node2:350320:350466 [3] NCCL INFO New proxy recv connection 19 from local rank 3, transport 0
node2:350320:350489 [3] NCCL INFO Connected to proxy localRank 3 -> connection 0x7bf02c001818
node2:350319:350464 [2] NCCL INFO New proxy recv connection 18 from local rank 2, transport 0
node2:350319:350490 [2] NCCL INFO Connected to proxy localRank 2 -> connection 0x7c6c3c0017a0
node1:44708:44950 [1] NCCL INFO New proxy recv connection 21 from local rank 1, transport 0
node1:44708:44983 [1] NCCL INFO Connected to proxy localRank 1 -> connection 0x79cba8001908
node1:44710:44954 [3] NCCL INFO New proxy recv connection 19 from local rank 3, transport 0
node1:44710:44981 [3] NCCL INFO Connected to proxy localRank 3 -> connection 0x790f38001818
node1:44709:44951 [2] NCCL INFO New proxy recv connection 20 from local rank 2, transport 0
node1:44709:44980 [2] NCCL INFO Connected to proxy localRank 2 -> connection 0x7d7214001890
node2:350317:350460 [0] NCCL INFO New proxy recv connection 18 from local rank 0, transport 0
node2:350317:350491 [0] NCCL INFO Connected to proxy localRank 0 -> connection 0x76d5e8001880
node2:350318:350462 [1] NCCL INFO New proxy recv connection 17 from local rank 1, transport 0
node2:350318:350492 [1] NCCL INFO Connected to proxy localRank 1 -> connection 0x72a3b0001728
node1:44707:44956 [0] NCCL INFO New proxy recv connection 20 from local rank 0, transport 0
node1:44707:44982 [0] NCCL INFO Connected to proxy localRank 0 -> connection 0x70150c001970
node2:350320:350466 [3] NCCL INFO New proxy recv connection 20 from local rank 3, transport 0
node2:350320:350489 [3] NCCL INFO Connected to proxy localRank 3 -> connection 0x7bf02c001890
node2:350318:350462 [1] NCCL INFO New proxy recv connection 18 from local rank 1, transport 0
node2:350318:350492 [1] NCCL INFO Connected to proxy localRank 1 -> connection 0x72a3b00017a0
node2:350319:350464 [2] NCCL INFO New proxy recv connection 19 from local rank 2, transport 0
node2:350319:350490 [2] NCCL INFO Connected to proxy localRank 2 -> connection 0x7c6c3c001818
node1:44709:44951 [2] NCCL INFO New proxy recv connection 21 from local rank 2, transport 0
node1:44709:44980 [2] NCCL INFO Connected to proxy localRank 2 -> connection 0x7d7214001908
node1:44710:44954 [3] NCCL INFO New proxy recv connection 20 from local rank 3, transport 0
node1:44710:44981 [3] NCCL INFO Connected to proxy localRank 3 -> connection 0x790f38001890
node1:44708:44950 [1] NCCL INFO New proxy recv connection 22 from local rank 1, transport 0
node1:44708:44983 [1] NCCL INFO Connected to proxy localRank 1 -> connection 0x79cba8001980
node2:350320:350466 [3] NCCL INFO New proxy recv connection 21 from local rank 3, transport 0
node2:350320:350489 [3] NCCL INFO Connected to proxy localRank 3 -> connection 0x7bf02c001908
node1:44707:44956 [0] NCCL INFO New proxy recv connection 21 from local rank 0, transport 0
node1:44707:44982 [0] NCCL INFO Connected to proxy localRank 0 -> connection 0x70150c0019e8
node2:350317:350460 [0] NCCL INFO New proxy recv connection 19 from local rank 0, transport 0
node2:350317:350491 [0] NCCL INFO Connected to proxy localRank 0 -> connection 0x76d5e80018f8
node2:350318:350462 [1] NCCL INFO New proxy recv connection 19 from local rank 1, transport 0
node2:350318:350492 [1] NCCL INFO Connected to proxy localRank 1 -> connection 0x72a3b0001818
node2:350319:350464 [2] NCCL INFO New proxy recv connection 20 from local rank 2, transport 0
node2:350319:350490 [2] NCCL INFO Connected to proxy localRank 2 -> connection 0x7c6c3c001890
node1:44709:44951 [2] NCCL INFO New proxy recv connection 22 from local rank 2, transport 0
node1:44709:44980 [2] NCCL INFO Connected to proxy localRank 2 -> connection 0x7d7214001980
node1:44710:44954 [3] NCCL INFO New proxy recv connection 21 from local rank 3, transport 0
node1:44710:44981 [3] NCCL INFO Connected to proxy localRank 3 -> connection 0x790f38001908
node1:44708:44950 [1] NCCL INFO New proxy recv connection 23 from local rank 1, transport 0
node1:44708:44983 [1] NCCL INFO Connected to proxy localRank 1 -> connection 0x79cba80019f8
node2:350319:350464 [2] NCCL INFO New proxy recv connection 21 from local rank 2, transport 0
node2:350319:350490 [2] NCCL INFO Connected to proxy localRank 2 -> connection 0x7c6c3c001908
node1:44707:44956 [0] NCCL INFO New proxy recv connection 22 from local rank 0, transport 0
node1:44707:44982 [0] NCCL INFO Connected to proxy localRank 0 -> connection 0x70150c001a60
node2:350320:350466 [3] NCCL INFO New proxy recv connection 22 from local rank 3, transport 0
node2:350320:350489 [3] NCCL INFO Connected to proxy localRank 3 -> connection 0x7bf02c001980
node2:350317:350460 [0] NCCL INFO New proxy recv connection 20 from local rank 0, transport 0
node2:350317:350491 [0] NCCL INFO Connected to proxy localRank 0 -> connection 0x76d5e8001970
node2:350318:350462 [1] NCCL INFO New proxy recv connection 20 from local rank 1, transport 0
node2:350318:350492 [1] NCCL INFO Connected to proxy localRank 1 -> connection 0x72a3b0001890
node1:44707:44956 [0] NCCL INFO New proxy recv connection 23 from local rank 0, transport 0
node1:44707:44982 [0] NCCL INFO Connected to proxy localRank 0 -> connection 0x70150c001ad8
node2:350319:350464 [2] NCCL INFO New proxy recv connection 22 from local rank 2, transport 0
node2:350319:350490 [2] NCCL INFO Connected to proxy localRank 2 -> connection 0x7c6c3c001980
node1:44709:44951 [2] NCCL INFO New proxy recv connection 23 from local rank 2, transport 0
node1:44708:44983 [1] NCCL INFO Channel 01/0 : 1[1] -> 3[3] via P2P/CUMEM/read
node1:44709:44980 [2] NCCL INFO Connected to proxy localRank 2 -> connection 0x7d72140019f8
node1:44708:44950 [1] NCCL INFO New proxy send connection 24 from local rank 1, transport 0
node1:44708:44983 [1] NCCL INFO Connected to proxy localRank 1 -> connection 0x79cba8001a70
node1:44710:44954 [3] NCCL INFO New proxy recv connection 22 from local rank 3, transport 0
node1:44710:44981 [3] NCCL INFO Connected to proxy localRank 3 -> connection 0x790f38001980
node2:350320:350466 [3] NCCL INFO New proxy recv connection 23 from local rank 3, transport 0
node2:350320:350489 [3] NCCL INFO Connected to proxy localRank 3 -> connection 0x7bf02c0019f8
node2:350318:350462 [1] NCCL INFO New proxy recv connection 21 from local rank 1, transport 0
node2:350318:350492 [1] NCCL INFO Connected to proxy localRank 1 -> connection 0x72a3b0001908
node1:44709:44980 [2] NCCL INFO Channel 01/0 : 2[2] -> 0[0] via P2P/CUMEM/read
node2:350317:350460 [0] NCCL INFO New proxy recv connection 21 from local rank 0, transport 0
node2:350317:350491 [0] NCCL INFO Connected to proxy localRank 0 -> connection 0x76d5e80019e8
node1:44709:44951 [2] NCCL INFO New proxy send connection 24 from local rank 2, transport 0
node1:44709:44980 [2] NCCL INFO Connected to proxy localRank 2 -> connection 0x7d7214001a70
node1:44707:44982 [0] NCCL INFO Channel 02/0 : 0[0] -> 2[2] via P2P/CUMEM/read
node1:44707:44956 [0] NCCL INFO New proxy send connection 24 from local rank 0, transport 0
node1:44707:44982 [0] NCCL INFO Connected to proxy localRank 0 -> connection 0x70150c001b50
node2:350320:350489 [3] NCCL INFO Channel 02/0 : 3[3] -> 1[1] via P2P/CUMEM/read
node2:350320:350466 [3] NCCL INFO New proxy send connection 24 from local rank 3, transport 0
node2:350319:350464 [2] NCCL INFO New proxy recv connection 23 from local rank 2, transport 0
node2:350320:350489 [3] NCCL INFO Connected to proxy localRank 3 -> connection 0x7bf02c001a70
node1:44710:44954 [3] NCCL INFO New proxy recv connection 23 from local rank 3, transport 0
node1:44710:44981 [3] NCCL INFO Connected to proxy localRank 3 -> connection 0x790f380019f8
node2:350319:350490 [2] NCCL INFO Connected to proxy localRank 2 -> connection 0x7c6c3c0019f8
node1:44708:44983 [1] NCCL INFO Channel 03/0 : 1[1] -> 3[3] via P2P/CUMEM/read
node1:44708:44950 [1] NCCL INFO New proxy send connection 25 from local rank 1, transport 0
node1:44708:44983 [1] NCCL INFO Connected to proxy localRank 1 -> connection 0x79cba8001ae8
node2:350317:350460 [0] NCCL INFO New proxy recv connection 22 from local rank 0, transport 0
node2:350317:350491 [0] NCCL INFO Connected to proxy localRank 0 -> connection 0x76d5e8001a60
node2:350318:350462 [1] NCCL INFO New proxy recv connection 22 from local rank 1, transport 0
node2:350318:350492 [1] NCCL INFO Connected to proxy localRank 1 -> connection 0x72a3b0001980
node1:44709:44980 [2] NCCL INFO Channel 04/0 : 2[2] -> 0[0] via P2P/CUMEM/read
node1:44709:44951 [2] NCCL INFO New proxy send connection 25 from local rank 2, transport 0
node1:44709:44980 [2] NCCL INFO Connected to proxy localRank 2 -> connection 0x7d7214001ae8
node2:350319:350490 [2] NCCL INFO Channel 01/0 : 2[2] -> 0[0] via P2P/CUMEM/read
node1:44710:44981 [3] NCCL INFO Channel 02/0 : 3[3] -> 1[1] via P2P/CUMEM/read
node1:44710:44954 [3] NCCL INFO New proxy send connection 24 from local rank 3, transport 0
node1:44707:44982 [0] NCCL INFO Channel 03/0 : 0[0] -> 2[2] via P2P/CUMEM/read
node1:44710:44981 [3] NCCL INFO Connected to proxy localRank 3 -> connection 0x790f38001a70
node2:350319:350464 [2] NCCL INFO New proxy send connection 24 from local rank 2, transport 0
node2:350319:350490 [2] NCCL INFO Connected to proxy localRank 2 -> connection 0x7c6c3c001a70
