node2:350320:350471 [3] NCCL INFO NET/IB: NCCL Dev 0 IbDev 0 Port 1 qpn 18882 mtu 5 LID 3 subnet-prefix 33022  FLID 0 fifoRkey=0x1f0ac9 fifoLkey=0x1f0ac9
node2:350318:350470 [1] NCCL INFO NET/IB: NCCL Dev 0 IbDev 0 Port 1 qpn 18884 mtu 5 LID 3 subnet-prefix 33022  FLID 0 fifoRkey=0x17ba78 fifoLkey=0x17ba78
node2:350319:350468 [2] NCCL INFO NET/IB: NCCL Dev 0 IbDev 0 Port 1 qpn 18885 mtu 5 LID 3 subnet-prefix 33022  FLID 0 fifoRkey=0x1fedac fifoLkey=0x1fedac
node2:350317:350473 [0] NCCL INFO NET/IB: NCCL Dev 0 IbDev 0 Port 1 qpn 18886 mtu 5 LID 3 subnet-prefix 33022  FLID 0 fifoRkey=0x1fc483 fifoLkey=0x1fc483
node2:350320:350471 [3] NCCL INFO NET/IB: NCCL Dev 0 IbDev 0 Port 1 qpn 18887 mtu 5 LID 3 subnet-prefix 33022  FLID 0 fifoRkey=0x1fbc7b fifoLkey=0x1fbc7b
node2:350318:350470 [1] NCCL INFO NET/IB: NCCL Dev 0 IbDev 0 Port 1 qpn 18888 mtu 5 LID 3 subnet-prefix 33022  FLID 0 fifoRkey=0x1713d3 fifoLkey=0x1713d3
node2:350319:350512 [2] NCCL INFO GPU Direct RDMA Disabled for GPU 1 / HCA 0 (distance 8 > 5)
node2:350317:350513 [0] NCCL INFO GPU Direct RDMA Disabled for GPU 1 / HCA 0 (distance 9 > 5)
node2:350319:350468 [2] NCCL INFO New proxy recv connection 6 from local rank 0, transport 2
node2:350319:350512 [2] NCCL INFO Connected to proxy localRank 0 -> connection 0x7c6c2c001200
node2:350318:350514 [1] NCCL INFO GPU Direct RDMA Disabled for GPU 1 / HCA 0 (distance 9 > 5)
node2:350317:350473 [0] NCCL INFO New proxy recv connection 6 from local rank 0, transport 2
node2:350317:350513 [0] NCCL INFO Connected to proxy localRank 0 -> connection 0x76d5d4001200
node2:350320:350515 [3] NCCL INFO GPU Direct RDMA Disabled for GPU 1 / HCA 0 (distance 8 > 5)
node2:350320:350471 [3] NCCL INFO New proxy recv connection 6 from local rank 0, transport 2
node1:44708:45066 [1] NCCL INFO GPU Direct RDMA Disabled for GPU 0 / HCA 0 (distance 9 > 5)
node1:44710:45065 [3] NCCL INFO GPU Direct RDMA Disabled for GPU 0 / HCA 0 (distance 8 > 5)
node2:350318:350470 [1] NCCL INFO New proxy recv connection 6 from local rank 0, transport 2
node2:350318:350514 [1] NCCL INFO Connected to proxy localRank 0 -> connection 0x72a3ac001200
node1:44707:45064 [0] NCCL INFO GPU Direct RDMA Disabled for GPU 0 / HCA 0 (distance 9 > 5)
node2:350319:350468 [2] NCCL INFO NET/IB : GPU Direct RDMA (nvidia-peermem) enabled for HCA 0 'mlx5_0
node2:350319:350468 [2] NCCL INFO NET/IB : GPU Direct RDMA (DMABUF) enabled for HCA 0 'mlx5_0
node2:350319:350512 [2] NCCL INFO Channel 00/1 : 0[2] -> 1[2] [receive] via NET/IBext_v10/0/Shared
node2:350319:350512 [2] NCCL INFO GPU Direct RDMA Disabled for GPU 1 / HCA 0 (distance 8 > 5)
node1:44710:44961 [3] NCCL INFO New proxy send connection 6 from local rank 0, transport 2
node1:44709:45067 [2] NCCL INFO GPU Direct RDMA Disabled for GPU 0 / HCA 0 (distance 8 > 5)
node1:44708:44960 [1] NCCL INFO New proxy send connection 6 from local rank 0, transport 2
node1:44708:45066 [1] NCCL INFO Connected to proxy localRank 0 -> connection 0x79cba4001200
node1:44707:44963 [0] NCCL INFO New proxy send connection 6 from local rank 0, transport 2
node1:44710:45065 [3] NCCL INFO Connected to proxy localRank 0 -> connection 0x790f34001200
node1:44710:44961 [3] NCCL INFO NET/IB : GPU Direct RDMA (nvidia-peermem) enabled for HCA 0 'mlx5_0
node1:44710:44961 [3] NCCL INFO NET/IB : GPU Direct RDMA (DMABUF) enabled for HCA 0 'mlx5_0
node1:44710:45065 [3] NCCL INFO Channel 00/1 : 0[3] -> 1[3] [send] via NET/IBext_v10/0/Shared
node1:44707:45064 [0] NCCL INFO Connected to proxy localRank 0 -> connection 0x701500001200
node1:44709:44958 [2] NCCL INFO New proxy send connection 6 from local rank 0, transport 2
node1:44709:45067 [2] NCCL INFO Connected to proxy localRank 0 -> connection 0x7d7210001200
node1:44708:44960 [1] NCCL INFO NET/IB : GPU Direct RDMA (nvidia-peermem) enabled for HCA 0 'mlx5_0
node1:44708:44960 [1] NCCL INFO NET/IB : GPU Direct RDMA (DMABUF) enabled for HCA 0 'mlx5_0
node1:44708:45066 [1] NCCL INFO Channel 00/1 : 0[1] -> 1[1] [send] via NET/IBext_v10/0/Shared
node1:44708:45066 [1] NCCL INFO GPU Direct RDMA Disabled for GPU 0 / HCA 0 (distance 9 > 5)
node1:44710:45065 [3] NCCL INFO GPU Direct RDMA Disabled for GPU 0 / HCA 0 (distance 8 > 5)
node1:44710:44961 [3] NCCL INFO New proxy send connection 7 from local rank 0, transport 2
node1:44710:45065 [3] NCCL INFO Connected to proxy localRank 0 -> connection 0x790f34001278
node1:44707:44963 [0] NCCL INFO NET/IB : GPU Direct RDMA (nvidia-peermem) enabled for HCA 0 'mlx5_0
node1:44707:44963 [0] NCCL INFO NET/IB : GPU Direct RDMA (DMABUF) enabled for HCA 0 'mlx5_0
node1:44707:45064 [0] NCCL INFO Channel 00/1 : 0[0] -> 1[0] [send] via NET/IBext_v10/0/Shared
node1:44707:45064 [0] NCCL INFO GPU Direct RDMA Disabled for GPU 0 / HCA 0 (distance 9 > 5)
node1:44707:44963 [0] NCCL INFO New proxy send connection 7 from local rank 0, transport 2
node1:44708:44960 [1] NCCL INFO New proxy send connection 7 from local rank 0, transport 2
node1:44708:45066 [1] NCCL INFO Connected to proxy localRank 0 -> connection 0x79cba4001278
node1:44708:44960 [1] NCCL INFO NET/IB : GPU Direct RDMA (nvidia-peermem) enabled for HCA 0 'mlx5_0
node1:44708:44960 [1] NCCL INFO NET/IB : GPU Direct RDMA (DMABUF) enabled for HCA 0 'mlx5_0
node1:44709:44958 [2] NCCL INFO NET/IB : GPU Direct RDMA (nvidia-peermem) enabled for HCA 0 'mlx5_0
node1:44709:44958 [2] NCCL INFO NET/IB : GPU Direct RDMA (DMABUF) enabled for HCA 0 'mlx5_0
node1:44709:45067 [2] NCCL INFO Channel 00/1 : 0[2] -> 1[2] [send] via NET/IBext_v10/0/Shared
node1:44709:45067 [2] NCCL INFO GPU Direct RDMA Disabled for GPU 0 / HCA 0 (distance 8 > 5)
node2:350317:350473 [0] NCCL INFO NET/IB : GPU Direct RDMA (nvidia-peermem) enabled for HCA 0 'mlx5_0
node2:350317:350473 [0] NCCL INFO NET/IB : GPU Direct RDMA (DMABUF) enabled for HCA 0 'mlx5_0
node2:350317:350513 [0] NCCL INFO Channel 00/1 : 0[0] -> 1[0] [receive] via NET/IBext_v10/0/Shared
node2:350317:350513 [0] NCCL INFO GPU Direct RDMA Disabled for GPU 1 / HCA 0 (distance 9 > 5)
node1:44710:44961 [3] NCCL INFO NET/IB : GPU Direct RDMA (nvidia-peermem) enabled for HCA 0 'mlx5_0
node1:44710:44961 [3] NCCL INFO NET/IB : GPU Direct RDMA (DMABUF) enabled for HCA 0 'mlx5_0
node1:44710:45065 [3] NCCL INFO Channel 01/1 : 0[3] -> 1[3] [send] via NET/IBext_v10/0/Shared
node1:44707:45064 [0] NCCL INFO Connected to proxy localRank 0 -> connection 0x701500001278
node1:44708:45066 [1] NCCL INFO Channel 01/1 : 0[1] -> 1[1] [send] via NET/IBext_v10/0/Shared
node2:350320:350515 [3] NCCL INFO Connected to proxy localRank 0 -> connection 0x7bf020001200
node2:350320:350471 [3] NCCL INFO NET/IB : GPU Direct RDMA (nvidia-peermem) enabled for HCA 0 'mlx5_0
node2:350320:350471 [3] NCCL INFO NET/IB : GPU Direct RDMA (DMABUF) enabled for HCA 0 'mlx5_0
node1:44709:44958 [2] NCCL INFO New proxy send connection 7 from local rank 0, transport 2
node1:44709:45067 [2] NCCL INFO Connected to proxy localRank 0 -> connection 0x7d7210001278
node1:44707:44963 [0] NCCL INFO NET/IB : GPU Direct RDMA (nvidia-peermem) enabled for HCA 0 'mlx5_0
node1:44707:44963 [0] NCCL INFO NET/IB : GPU Direct RDMA (DMABUF) enabled for HCA 0 'mlx5_0
node1:44707:45064 [0] NCCL INFO Channel 01/1 : 0[0] -> 1[0] [send] via NET/IBext_v10/0/Shared
node2:350318:350470 [1] NCCL INFO NET/IB : GPU Direct RDMA (nvidia-peermem) enabled for HCA 0 'mlx5_0
node2:350318:350470 [1] NCCL INFO NET/IB : GPU Direct RDMA (DMABUF) enabled for HCA 0 'mlx5_0
node2:350318:350514 [1] NCCL INFO Channel 00/1 : 0[1] -> 1[1] [receive] via NET/IBext_v10/0/Shared
node2:350318:350514 [1] NCCL INFO GPU Direct RDMA Disabled for GPU 1 / HCA 0 (distance 9 > 5)
node2:350319:350468 [2] NCCL INFO New proxy recv connection 7 from local rank 0, transport 2
node2:350319:350512 [2] NCCL INFO Connected to proxy localRank 0 -> connection 0x7c6c2c001278
node2:350319:350468 [2] NCCL INFO NET/IB : GPU Direct RDMA (nvidia-peermem) enabled for HCA 0 'mlx5_0
node2:350319:350468 [2] NCCL INFO NET/IB : GPU Direct RDMA (DMABUF) enabled for HCA 0 'mlx5_0
node1:44709:44958 [2] NCCL INFO NET/IB : GPU Direct RDMA (nvidia-peermem) enabled for HCA 0 'mlx5_0
node1:44709:44958 [2] NCCL INFO NET/IB : GPU Direct RDMA (DMABUF) enabled for HCA 0 'mlx5_0
node1:44709:45067 [2] NCCL INFO Channel 01/1 : 0[2] -> 1[2] [send] via NET/IBext_v10/0/Shared
node2:350320:350515 [3] NCCL INFO Channel 00/1 : 0[3] -> 1[3] [receive] via NET/IBext_v10/0/Shared
node2:350320:350515 [3] NCCL INFO GPU Direct RDMA Disabled for GPU 1 / HCA 0 (distance 8 > 5)
node2:350320:350471 [3] NCCL INFO New proxy recv connection 7 from local rank 0, transport 2
node2:350317:350473 [0] NCCL INFO New proxy recv connection 7 from local rank 0, transport 2
node2:350317:350513 [0] NCCL INFO Connected to proxy localRank 0 -> connection 0x76d5d4001278
node2:350317:350473 [0] NCCL INFO NET/IB : GPU Direct RDMA (nvidia-peermem) enabled for HCA 0 'mlx5_0
node2:350318:350470 [1] NCCL INFO New proxy recv connection 7 from local rank 0, transport 2
node2:350318:350514 [1] NCCL INFO Connected to proxy localRank 0 -> connection 0x72a3ac001278
node2:350319:350512 [2] NCCL INFO Channel 01/1 : 0[2] -> 1[2] [receive] via NET/IBext_v10/0/Shared
node2:350320:350515 [3] NCCL INFO Connected to proxy localRank 0 -> connection 0x7bf020001278
node2:350320:350471 [3] NCCL INFO NET/IB : GPU Direct RDMA (nvidia-peermem) enabled for HCA 0 'mlx5_0
node2:350320:350471 [3] NCCL INFO NET/IB : GPU Direct RDMA (DMABUF) enabled for HCA 0 'mlx5_0
node2:350317:350473 [0] NCCL INFO NET/IB : GPU Direct RDMA (DMABUF) enabled for HCA 0 'mlx5_0
node2:350317:350513 [0] NCCL INFO Channel 01/1 : 0[0] -> 1[0] [receive] via NET/IBext_v10/0/Shared
node2:350318:350470 [1] NCCL INFO NET/IB : GPU Direct RDMA (nvidia-peermem) enabled for HCA 0 'mlx5_0
node2:350318:350470 [1] NCCL INFO NET/IB : GPU Direct RDMA (DMABUF) enabled for HCA 0 'mlx5_0
node2:350318:350514 [1] NCCL INFO Channel 01/1 : 0[1] -> 1[1] [receive] via NET/IBext_v10/0/Shared
node2:350320:350515 [3] NCCL INFO Channel 01/1 : 0[3] -> 1[3] [receive] via NET/IBext_v10/0/Shared
node1:44710:44961 [3] NCCL INFO NET/IB: NCCL Dev 0 IbDev 0 Port 1 qpn 13348 mtu 5 LID 1 subnet-prefix 33022  FLID 0 fifoRkey=0x1805c4 fifoLkey=0x1805c4
node1:44708:44960 [1] NCCL INFO NET/IB: NCCL Dev 0 IbDev 0 Port 1 qpn 13349 mtu 5 LID 1 subnet-prefix 33022  FLID 0 fifoRkey=0x165110 fifoLkey=0x165110
node1:44707:44963 [0] NCCL INFO NET/IB: NCCL Dev 0 IbDev 0 Port 1 qpn 13350 mtu 5 LID 1 subnet-prefix 33022  FLID 0 fifoRkey=0x1fe19f fifoLkey=0x1fe19f
node1:44709:44958 [2] NCCL INFO NET/IB: NCCL Dev 0 IbDev 0 Port 1 qpn 13351 mtu 5 LID 1 subnet-prefix 33022  FLID 0 fifoRkey=0x1639f8 fifoLkey=0x1639f8
node1:44710:44961 [3] NCCL INFO NET/IB: NCCL Dev 0 IbDev 0 Port 1 qpn 13352 mtu 5 LID 1 subnet-prefix 33022  FLID 0 fifoRkey=0x15f8b6 fifoLkey=0x15f8b6
node1:44708:44960 [1] NCCL INFO NET/IB: NCCL Dev 0 IbDev 0 Port 1 qpn 13353 mtu 5 LID 1 subnet-prefix 33022  FLID 0 fifoRkey=0x15c886 fifoLkey=0x15c886
node1:44707:44963 [0] NCCL INFO NET/IB: NCCL Dev 0 IbDev 0 Port 1 qpn 13354 mtu 5 LID 1 subnet-prefix 33022  FLID 0 fifoRkey=0x1fd290 fifoLkey=0x1fd290
node1:44709:44958 [2] NCCL INFO NET/IB: NCCL Dev 0 IbDev 0 Port 1 qpn 13355 mtu 5 LID 1 subnet-prefix 33022  FLID 0 fifoRkey=0x179b59 fifoLkey=0x179b59
================================================================================
T/V                N    NB     P     Q         Time          Gflops (   per GPU)
--------------------------------------------------------------------------------
WC0           189440   512     4     2        42.20       1.074e+05 ( 1.343e+04)

HPL_pdgesv() start time Fri Sep  5 12:09:59 2025
HPL_pdgesv() end time   Fri Sep  5 12:10:41 2025

--------------------------------------------------------------------------------
||Ax-b||_oo/(eps*(||A||_oo*||x||_oo+||b||_oo)*N)=   0.000425087517 ...... PASSED
||Ax-b||_oo  . . . . . . . . . . . . . . . . . = 0.0000000028850787
||A||_oo . . . . . . . . . . . . . . . . . . . = 47623.5380901820535655
||x||_oo . . . . . . . . . . . . . . . . . . . = 6.7760163595809315
||b||_oo . . . . . . . . . . . . . . . . . . . = 0.9590990900183888
node2:350318:350518 [1] NCCL INFO comm 0x4109fde0 rank 1 nranks 4 cudaDev 1 busId 41000 - Destroy COMPLETE
node2:350317:350517 [0] NCCL INFO comm 0x230670d0 rank 0 nranks 4 cudaDev 0 busId 1000 - Destroy COMPLETE
node2:350320:350516 [3] NCCL INFO comm 0x3a88c920 rank 3 nranks 4 cudaDev 3 busId c1000 - Destroy COMPLETE
node2:350319:350519 [2] NCCL INFO comm 0x250670d0 rank 2 nranks 4 cudaDev 2 busId 81000 - Destroy COMPLETE
node1:44709:45069 [2] NCCL INFO comm 0x16ac07e0 rank 2 nranks 4 cudaDev 2 busId 81000 - Destroy COMPLETE
node1:44710:45070 [3] NCCL INFO comm 0x3205d8f0 rank 3 nranks 4 cudaDev 3 busId c1000 - Destroy COMPLETE
node1:44708:45071 [1] NCCL INFO comm 0x43c670d0 rank 1 nranks 4 cudaDev 1 busId 41000 - Destroy COMPLETE
node1:44707:45072 [0] NCCL INFO comm 0x49e670d0 rank 0 nranks 4 cudaDev 0 busId 1000 - Destroy COMPLETE
node2:350317:350521 [0] NCCL INFO comm 0x232aa070 rank 1 nranks 2 cudaDev 0 busId 1000 - Destroy COMPLETE
node2:350318:350520 [1] NCCL INFO comm 0x4141a400 rank 1 nranks 2 cudaDev 1 busId 41000 - Destroy COMPLETE
node1:44708:45075 [1] NCCL INFO comm 0x43f47300 rank 0 nranks 2 cudaDev 1 busId 41000 - Destroy COMPLETE
node1:44709:45073 [2] NCCL INFO comm 0x16e3b320 rank 0 nranks 2 cudaDev 2 busId 81000 - Destroy COMPLETE
node1:44707:45076 [0] NCCL INFO comm 0x4a110cd0 rank 0 nranks 2 cudaDev 0 busId 1000 - Destroy COMPLETE
node2:350320:350522 [3] NCCL INFO comm 0x3ac06f70 rank 1 nranks 2 cudaDev 3 busId c1000 - Destroy COMPLETE
node2:350319:350523 [2] NCCL INFO comm 0x25283fd0 rank 1 nranks 2 cudaDev 2 busId 81000 - Destroy COMPLETE
node1:44710:45074 [3] NCCL INFO comm 0x323d8050 rank 0 nranks 2 cudaDev 3 busId c1000 - Destroy COMPLETE
================================================================================

Finished      1 tests with the following results:
              1 tests completed and passed residual checks,
              0 tests completed and failed residual checks,
              0 tests skipped because of illegal input values.
--------------------------------------------------------------------------------

End of Tests.
================================================================================
node2:350318:350524 [1] NCCL INFO comm 0x3bcb9980 rank 5 nranks 8 cudaDev 1 busId 41000 - Destroy COMPLETE
node2:350317:350525 [0] NCCL INFO comm 0x1db19af0 rank 4 nranks 8 cudaDev 0 busId 1000 - Destroy COMPLETE
node2:350320:350527 [3] NCCL INFO comm 0x355040d0 rank 7 nranks 8 cudaDev 3 busId c1000 - Destroy COMPLETE
node1:44707:45080 [0] NCCL INFO comm 0x449820f0 rank 0 nranks 8 cudaDev 0 busId 1000 - Destroy COMPLETE
node2:350319:350526 [2] NCCL INFO comm 0x1fb53b00 rank 6 nranks 8 cudaDev 2 busId 81000 - Destroy COMPLETE
node1:44710:45079 [3] NCCL INFO comm 0x2ccb18b0 rank 3 nranks 8 cudaDev 3 busId c1000 - Destroy COMPLETE
node1:44709:45078 [2] NCCL INFO comm 0x116e6cb0 rank 2 nranks 8 cudaDev 2 busId 81000 - Destroy COMPLETE
node1:44708:45077 [1] NCCL INFO comm 0x3e7c1b90 rank 1 nranks 8 cudaDev 1 busId 41000 - Destroy COMPLETE
node2:350317:350529 [0] NCCL INFO comm 0x219dd9b0 rank 0 nranks 4 cudaDev 0 busId 1000 - Destroy COMPLETE
node2:350318:350528 [1] NCCL INFO comm 0x3fb7d700 rank 1 nranks 4 cudaDev 1 busId 41000 - Destroy COMPLETE
node2:350319:350531 [2] NCCL INFO comm 0x23a17ae0 rank 2 nranks 4 cudaDev 2 busId 81000 - Destroy COMPLETE
node2:350320:350530 [3] NCCL INFO comm 0x393c8170 rank 3 nranks 4 cudaDev 3 busId c1000 - Destroy COMPLETE
node1:44710:45096 [3] NCCL INFO comm 0x30b75160 rank 3 nranks 4 cudaDev 3 busId c1000 - Destroy COMPLETE
node1:44707:45095 [0] NCCL INFO comm 0x48844a90 rank 0 nranks 4 cudaDev 0 busId 1000 - Destroy COMPLETE
node1:44709:45097 [2] NCCL INFO comm 0x155aae10 rank 2 nranks 4 cudaDev 2 busId 81000 - Destroy COMPLETE
node1:44708:45098 [1] NCCL INFO comm 0x42685b80 rank 1 nranks 4 cudaDev 1 busId 41000 - Destroy COMPLETE
node2:350318:350533 [1] NCCL INFO comm 0x3fe8fa90 rank 1 nranks 4 cudaDev 1 busId 41000 - Destroy COMPLETE
node2:350317:350532 [0] NCCL INFO comm 0x21cefeb0 rank 0 nranks 4 cudaDev 0 busId 1000 - Destroy COMPLETE
node2:350318:350537 [1] NCCL INFO comm 0x40243a50 rank 1 nranks 2 cudaDev 1 busId 41000 - Destroy COMPLETE
node2:350317:350536 [0] NCCL INFO comm 0x2200cfb0 rank 1 nranks 2 cudaDev 0 busId 1000 - Destroy COMPLETE
node2:350317:350539 [0] NCCL INFO comm 0x221ed6b0 rank 0 nranks 1 cudaDev 0 busId 1000 - Destroy COMPLETE
node2:350318:350538 [1] NCCL INFO comm 0x4038d230 rank 0 nranks 1 cudaDev 1 busId 41000 - Destroy COMPLETE
node2:350317:350540 [0] NCCL INFO comm 0x22599770 rank 4 nranks 8 cudaDev 0 busId 1000 - Destroy COMPLETE
node2:350318:350541 [1] NCCL INFO comm 0x407392f0 rank 5 nranks 8 cudaDev 1 busId 41000 - Destroy COMPLETE
node2:350319:350534 [2] NCCL INFO comm 0x23d29e70 rank 2 nranks 4 cudaDev 2 busId 81000 - Destroy COMPLETE
node2:350320:350535 [3] NCCL INFO comm 0x396da3f0 rank 3 nranks 4 cudaDev 3 busId c1000 - Destroy COMPLETE
node1:44709:45101 [2] NCCL INFO comm 0x158bd210 rank 2 nranks 4 cudaDev 2 busId 81000 - Destroy COMPLETE
node1:44710:45099 [3] NCCL INFO comm 0x30e872e0 rank 3 nranks 4 cudaDev 3 busId c1000 - Destroy COMPLETE
node1:44707:45100 [0] NCCL INFO comm 0x48b56c00 rank 0 nranks 4 cudaDev 0 busId 1000 - Destroy COMPLETE
node1:44708:45102 [1] NCCL INFO comm 0x42997e70 rank 1 nranks 4 cudaDev 1 busId 41000 - Destroy COMPLETE
node2:350319:350542 [2] NCCL INFO comm 0x240dde30 rank 1 nranks 2 cudaDev 2 busId 81000 - Destroy COMPLETE
node2:350320:350543 [3] NCCL INFO comm 0x39a8e430 rank 1 nranks 2 cudaDev 3 busId c1000 - Destroy COMPLETE
node1:44707:45105 [0] NCCL INFO comm 0x48e73d80 rank 0 nranks 2 cudaDev 0 busId 1000 - Destroy COMPLETE
node1:44710:45104 [3] NCCL INFO comm 0x3123b320 rank 0 nranks 2 cudaDev 3 busId c1000 - Destroy COMPLETE
node1:44708:45106 [1] NCCL INFO comm 0x42d4be30 rank 0 nranks 2 cudaDev 1 busId 41000 - Destroy COMPLETE
node1:44709:45103 [2] NCCL INFO comm 0x15c71250 rank 0 nranks 2 cudaDev 2 busId 81000 - Destroy COMPLETE
node2:350319:350544 [2] NCCL INFO comm 0x241f1560 rank 0 nranks 1 cudaDev 2 busId 81000 - Destroy COMPLETE
node2:350320:350545 [3] NCCL INFO comm 0x39ba1c50 rank 0 nranks 1 cudaDev 3 busId c1000 - Destroy COMPLETE
node1:44709:45110 [2] NCCL INFO comm 0x15da92c0 rank 0 nranks 1 cudaDev 2 busId 81000 - Destroy COMPLETE
node1:44708:45109 [1] NCCL INFO comm 0x42eb9e50 rank 0 nranks 1 cudaDev 1 busId 41000 - Destroy COMPLETE
node1:44710:45108 [3] NCCL INFO comm 0x31373530 rank 0 nranks 1 cudaDev 3 busId c1000 - Destroy COMPLETE
node1:44707:45107 [0] NCCL INFO comm 0x49054430 rank 0 nranks 1 cudaDev 0 busId 1000 - Destroy COMPLETE
node2:350319:350546 [2] NCCL INFO comm 0x24490dd0 rank 6 nranks 8 cudaDev 2 busId 81000 - Destroy COMPLETE
node1:44710:45113 [3] NCCL INFO comm 0x316127c0 rank 3 nranks 8 cudaDev 3 busId c1000 - Destroy COMPLETE
node2:350320:350547 [3] NCCL INFO comm 0x39e41250 rank 7 nranks 8 cudaDev 3 busId c1000 - Destroy COMPLETE
node1:44708:45112 [1] NCCL INFO comm 0x43265f10 rank 1 nranks 8 cudaDev 1 busId 41000 - Destroy COMPLETE
node1:44709:45111 [2] NCCL INFO comm 0x16048af0 rank 2 nranks 8 cudaDev 2 busId 81000 - Destroy COMPLETE
node1:44707:45114 [0] NCCL INFO comm 0x4931ba60 rank 0 nranks 8 cudaDev 0 busId 1000 - Destroy COMPLETE
